// Jest Snapshot v1, https://goo.gl/fbAQLP

exports[`TipsHistory should render correct for multiple elements 1`] = `
<div
  className="card container border border-primary rounded-lg"
>
  <div
    className="table-responsive-sm"
  >
    <table
      className="table table-dark table-striped table-bordered table-hover"
    >
      <thead
        className="bg-secondary"
      >
        <tr>
          <th>
            #
          </th>
          <th>
            Locations
          </th>
          <th>
            Position
          </th>
          <th>
            Shift
          </th>
          <th>
            Hours Worked
          </th>
          <th>
            Tips
          </th>
        </tr>
      </thead>
      <tbody>
        <tr>
          <td>
            1
          </td>
          <td>
            292 Bowery, New York, NY 10012
          </td>
          <td>
            Busser
          </td>
          <td>
            PM
          </td>
          <td>
            5
             Hours
          </td>
          <td>
            $
            87
          </td>
        </tr>
      </tbody>
      <tbody>
        <tr>
          <td>
            2
          </td>
          <td>
            292 Bowery, New York, NY 10012
          </td>
          <td>
            Busser
          </td>
          <td>
            PM
          </td>
          <td>
            6
             Hours
          </td>
          <td>
            $
            93
          </td>
        </tr>
      </tbody>
    </table>
  </div>
</div>
`;

exports[`TipsHistory should render correct for single element 1`] = `
<div
  className="card container border border-primary rounded-lg"
>
  <div
    className="table-responsive-sm"
  >
    <table
      className="table table-dark table-striped table-bordered table-hover"
    >
      <thead
        className="bg-secondary"
      >
        <tr>
          <th>
            #
          </th>
          <th>
            Locations
          </th>
          <th>
            Position
          </th>
          <th>
            Shift
          </th>
          <th>
            Hours Worked
          </th>
          <th>
            Tips
          </th>
        </tr>
      </thead>
      <tbody>
        <tr>
          <td>
            1
          </td>
          <td>
            292 Bowery, New York, NY 10012
          </td>
          <td>
            Busser
          </td>
          <td>
            PM
          </td>
          <td>
            5
             Hours
          </td>
          <td>
            $
            87
          </td>
        </tr>
      </tbody>
    </table>
  </div>
</div>
`;
