// Jest Snapshot v1, https://goo.gl/fbAQLP

exports[`TipInfoForm should render correct for multiple elements 1`] = `
<div
  className="container"
>
  <div
    className=""
  >
    <div>
      <br />
      <div
        className="text-center card bg-success text-white"
      >
        <div
          className="card-header"
        >
          <nav
            className="navbar navbar-light"
          >
            <h2>
              Search A Company
            </h2>
            <form
              className="form-inline"
              onSubmit={[Function]}
            >
              <input
                aria-label="Search"
                className="form-control mr-sm-2"
                onChange={[Function]}
                placeholder="Search Company"
                type="search"
              />
              <button
                className="btn btn-outline-success my-2 my-sm-0 bg-white"
                type="submit"
              >
                Search
              </button>
            </form>
          </nav>
        </div>
        <div
          className="card-body"
        >
          <div
            className="card-title h5"
          >
            Find information About Tips and Bonuses
          </div>
          <p
            className="card-text"
          >
            Type the name of the Company to see complete information
          </p>
        </div>
      </div>
    </div>
  </div>
</div>
`;

exports[`TipInfoForm should render correct for single element 1`] = `
<div
  className="container"
>
  <div
    className=""
  >
    <div>
      <br />
      <div
        className="text-center card bg-success text-white"
      >
        <div
          className="card-header"
        >
          <nav
            className="navbar navbar-light"
          >
            <h2>
              Search A Company
            </h2>
            <form
              className="form-inline"
              onSubmit={[Function]}
            >
              <input
                aria-label="Search"
                className="form-control mr-sm-2"
                onChange={[Function]}
                placeholder="Search Company"
                type="search"
              />
              <button
                className="btn btn-outline-success my-2 my-sm-0 bg-white"
                type="submit"
              >
                Search
              </button>
            </form>
          </nav>
        </div>
        <div
          className="card-body"
        >
          <div
            className="card-title h5"
          >
            Find information About Tips and Bonuses
          </div>
          <p
            className="card-text"
          >
            Type the name of the Company to see complete information
          </p>
        </div>
      </div>
    </div>
  </div>
</div>
`;
